This is pdfTeX, Version 3.141592653-2.6-1.40.26 (MiKTeX 24.4) (preloaded format=pdflatex 2024.11.1)  19 MAY 2025 09:13
entering extended mode
 restricted \write18 enabled.
 %&-line parsing enabled.
**./tablasresumen.tex
(tablasresumen.tex
LaTeX2e <2024-06-01> patch level 2
L3 programming layer <2024-10-09>
)
! Emergency stop.
<*> ./tablasresumen.tex
                       
*** (job aborted, no legal \end found)

 
Here is how much of TeX's memory you used:
 16 strings out of 473897
 567 string characters out of 5726462
 386323 words of memory out of 5000000
 22991 multiletter control sequences out of 15000+600000
 558069 words of font info for 36 fonts, out of 8000000 for 9000
 1141 hyphenation exceptions out of 8191
 12i,0n,13p,51b,8s stack positions out of 10000i,1000n,20000p,200000b,200000s
!  ==> Fatal error occurred, no output PDF file produced!
